Minima @ 06/10/2026 10:07:19 [23.0 MB] : Generating Base Private Seed Key
Minima @ 06/10/2026 10:07:19 [24.0 MB] : Adding base MULTISIG address 0x56FCB91ECCF1E0B31B5ADF7D3374411F4BA1C569685CC945634FB2A23D4554E9
PASS custom keyuses 4294967296 refused
PASS custom keyuses 0.5 refused
PASS custom keyuses -4294967296 refused
PASS last valid legacy leaf remains usable
Minima @ 06/10/2026 10:07:21 [120.2 MB] : SqlDB requires re-open : wallet
Minima @ 06/10/2026 10:07:21 [57.0 MB] : SqlDB requires re-open : wallet
PASS capacity refusal relocks wallet
PASS max:1 sendable:true finds later simple coin
PASS max:1 applies after coinage
PASS CoinDB indexed coinid
PASS CoinDB indexed txpowtreeid
PASS CoinDB indexed blockheight
PASS block capacity refusal preserves global counter
PASS invalid/truncated MegaMMR coin count -1 rejected without allocation failure
PASS invalid/truncated MegaMMR coin count 0.5 rejected without allocation failure
PASS invalid/truncated MegaMMR coin count 4294967296 rejected without allocation failure
PASS invalid/truncated MegaMMR coin count 2147483647 rejected without allocation failure
PASS MegaMMR search exception releases read lock
PASS MegaMMR capped result releases read lock
PASS MegaMMR token lookup releases read lock
Failures: 0
